src/components/ChatBox.tsx(50,7): error TS18047: 'recognitionRef.current' is possibly 'null'.
src/components/ChatBox.tsx(51,7): error TS18047: 'recognitionRef.current' is possibly 'null'.
src/components/ChatBox.tsx(52,7): error TS18047: 'recognitionRef.current' is possibly 'null'.
src/components/ChatBox.tsx(54,7): error TS18047: 'recognitionRef.current' is possibly 'null'.
src/components/ChatBox.tsx(83,7): error TS18047: 'recognitionRef.current' is possibly 'null'.
src/components/ChatBox.tsx(90,7): error TS18047: 'recognitionRef.current' is possibly 'null'.
